{
  "Id": "Q29tcG9uZW50CmcwMDAwMDAwMDAwMDAwMDAwMDAwMDAwMDAwMDAwMDAwMw==",
  "Version": 2,
  "Name": "Test Component",
  "Schema": "type Component {\n  updatedField: String!\n}",
  "Values": {
    "updatedField": "foo"
  },
  "Scopes": [
    {
      "__typename": "NamespaceComponentScope",
      "Namespace": "Test"
    }
  ]
}
