{
  "Id": "Q29tcG9uZW50CmcwMDAwMDAwMDAwMDAwMDAwMDAwMDAwMDAwMDAwMDAwMw==",
  "Name": "Test Component",
  "Version": 1,
  "Schema": {
    "RootElement": {
      "ValueKind": "Array"
    }
  },
  "SchemaSdl": "type Configuration {\n    field: String!\n    nestedField: NestedConfiguration!\n}\ntype NestedConfiguration {\n    field: String!\n}",
  "Defaults": {
    "RootElement": {
      "ValueKind": "Object"
    }
  },
  "Values": {
    "RootElement": {
      "ValueKind": "Object"
    }
  },
  "SchemaViolations": [],
  "Scopes": [
    {
      "__typename": "NamespaceComponentScope",
      "Namespace": "Test"
    }
  ]
}
