{
  "Id": "Q29tcG9uZW50CmczN2VjNGQ1OGY4N2Q0NDZkYTgwMzc3ZjBkYmU0YTcxYg==",
  "Version": 1,
  "Name": "My New Component",
  "Schema": "type Component {\n  someTestField: String!\n}",
  "Values": {
    "someTestField": "foo"
  },
  "Scopes": [
    {
      "__typename": "NamespaceComponentScope",
      "Namespace": "Test"
    }
  ]
}
