{
  "Id": "6b9fc641-988e-4182-a870-037aff5cfc1f",
  "Key": {
    "VariableId": "98047cea-e467-4d7a-8eb1-73f617bdcf75",
    "ApplicationId": null,
    "PartId": null,
    "EnvironmentId": "04e057a5-0140-404c-9c94-92ad7702a63c"
  },
  "Value": "This is a insertion test value 2.",
  "Encryption": null
}
