[
  {
    "Id": "4674d60d-7f3e-4b54-8bfb-b484303f62b0",
    "Key": {
      "VariableId": "98047cea-e467-4d7a-8eb1-73f617bdcf75",
      "ApplicationId": null,
      "PartId": null,
      "EnvironmentId": null
    },
    "Value": "This is a insertion test.",
    "Encryption": null
  },
  {
    "Id": "6b9fc641-988e-4182-a870-037aff5cfc1f",
    "Key": {
      "VariableId": "98047cea-e467-4d7a-8eb1-73f617bdcf75",
      "ApplicationId": null,
      "PartId": null,
      "EnvironmentId": "04e057a5-0140-404c-9c94-92ad7702a63c"
    },
    "Value": "Newly inserted variable Value",
    "Encryption": {
      "KeyProvider": "AzureKeyVault",
      "Key": "xyz",
      "Algorithm": "AES256"
    }
  }
]
